CRITICAL - 2026-05-19 04:28:35 --> ErrorException: Undefined property: App\Controllers\PengaduanController::$model
[Method: POST, Route: tambah_laporan]
in APPPATH\Controllers\PengaduanController.php on line 22.
 1 APPPATH\Controllers\PengaduanController.php(22): CodeIgniter\Debug\Exceptions->errorHandler(2, 'Undefined property: App\\Controllers\\PengaduanController::$model', 'C:\\xampp\\htdocs\\layanan_masyarakat\\app\\Controllers\\PengaduanController.php', 22)
 2 SYSTEMPATH\CodeIgniter.php(951): App\Controllers\PengaduanController->add_data()
 3 SYSTEMPATH\CodeIgniter.php(497): CodeIgniter\CodeIgniter->runController(Object(App\Controllers\PengaduanController))
 4 SYSTEMPATH\CodeIgniter.php(340): CodeIgniter\CodeIgniter->handleRequest(null, Object(Config\Cache), false)
 5 SYSTEMPATH\Boot.php(417): CodeIgniter\CodeIgniter->run()
 6 SYSTEMPATH\Boot.php(68): CodeIgniter\Boot::runCodeIgniter(Object(CodeIgniter\CodeIgniter))
 7 FCPATH\index.php(59): CodeIgniter\Boot::bootWeb(Object(Config\Paths))
 8 SYSTEMPATH\rewrite.php(44): require_once('C:\\xampp\\htdocs\\layanan_masyarakat\\public\\index.php')
CRITICAL - 2026-05-19 05:00:01 --> ErrorException: Undefined property: App\Controllers\PengaduanController::$db
[Method: GET, Route: laporan]
in APPPATH\Controllers\PengaduanController.php on line 14.
 1 APPPATH\Controllers\PengaduanController.php(14): CodeIgniter\Debug\Exceptions->errorHandler(2, 'Undefined property: App\\Controllers\\PengaduanController::$db', 'C:\\xampp\\htdocs\\layanan_masyarakat\\app\\Controllers\\PengaduanController.php', 14)
 2 SYSTEMPATH\CodeIgniter.php(951): App\Controllers\PengaduanController->report()
 3 SYSTEMPATH\CodeIgniter.php(497): CodeIgniter\CodeIgniter->runController(Object(App\Controllers\PengaduanController))
 4 SYSTEMPATH\CodeIgniter.php(340): CodeIgniter\CodeIgniter->handleRequest(null, Object(Config\Cache), false)
 5 SYSTEMPATH\Boot.php(417): CodeIgniter\CodeIgniter->run()
 6 SYSTEMPATH\Boot.php(68): CodeIgniter\Boot::runCodeIgniter(Object(CodeIgniter\CodeIgniter))
 7 FCPATH\index.php(59): CodeIgniter\Boot::bootWeb(Object(Config\Paths))
 8 SYSTEMPATH\rewrite.php(44): require_once('C:\\xampp\\htdocs\\layanan_masyarakat\\public\\index.php')
WARNING - 2026-05-19 05:00:26 --> [DEPRECATED] Creation of dynamic property App\Controllers\PengaduanController::$db is deprecated in APPPATH\Controllers\PengaduanController.php on line 14.
 1 SYSTEMPATH\CodeIgniter.php(951): App\Controllers\PengaduanController->report()
 2 SYSTEMPATH\CodeIgniter.php(497): CodeIgniter\CodeIgniter->runController(Object(App\Controllers\PengaduanController))
 3 SYSTEMPATH\CodeIgniter.php(340): CodeIgniter\CodeIgniter->handleRequest(null, Object(Config\Cache), false)
 4 SYSTEMPATH\Boot.php(417): CodeIgniter\CodeIgniter->run()
 5 SYSTEMPATH\Boot.php(68): CodeIgniter\Boot::runCodeIgniter(Object(CodeIgniter\CodeIgniter))
 6 FCPATH\index.php(59): CodeIgniter\Boot::bootWeb(Object(Config\Paths))
 7 SYSTEMPATH\rewrite.php(44): require_once('C:\\xampp\\htdocs\\layanan_masyarakat\\public\\index.php')
CRITICAL - 2026-05-19 05:00:26 --> ErrorException: Undefined variable $query
[Method: GET, Route: laporan]
in APPPATH\Controllers\PengaduanController.php on line 17.
 1 APPPATH\Controllers\PengaduanController.php(17): CodeIgniter\Debug\Exceptions->errorHandler(2, 'Undefined variable $query', 'C:\\xampp\\htdocs\\layanan_masyarakat\\app\\Controllers\\PengaduanController.php', 17)
 2 SYSTEMPATH\CodeIgniter.php(951): App\Controllers\PengaduanController->report()
 3 SYSTEMPATH\CodeIgniter.php(497): CodeIgniter\CodeIgniter->runController(Object(App\Controllers\PengaduanController))
 4 SYSTEMPATH\CodeIgniter.php(340): CodeIgniter\CodeIgniter->handleRequest(null, Object(Config\Cache), false)
 5 SYSTEMPATH\Boot.php(417): CodeIgniter\CodeIgniter->run()
 6 SYSTEMPATH\Boot.php(68): CodeIgniter\Boot::runCodeIgniter(Object(CodeIgniter\CodeIgniter))
 7 FCPATH\index.php(59): CodeIgniter\Boot::bootWeb(Object(Config\Paths))
 8 SYSTEMPATH\rewrite.php(44): require_once('C:\\xampp\\htdocs\\layanan_masyarakat\\public\\index.php')
WARNING - 2026-05-19 05:01:04 --> [DEPRECATED] Creation of dynamic property App\Controllers\PengaduanController::$db is deprecated in APPPATH\Controllers\PengaduanController.php on line 14.
 1 SYSTEMPATH\CodeIgniter.php(951): App\Controllers\PengaduanController->report()
 2 SYSTEMPATH\CodeIgniter.php(497): CodeIgniter\CodeIgniter->runController(Object(App\Controllers\PengaduanController))
 3 SYSTEMPATH\CodeIgniter.php(340): CodeIgniter\CodeIgniter->handleRequest(null, Object(Config\Cache), false)
 4 SYSTEMPATH\Boot.php(417): CodeIgniter\CodeIgniter->run()
 5 SYSTEMPATH\Boot.php(68): CodeIgniter\Boot::runCodeIgniter(Object(CodeIgniter\CodeIgniter))
 6 FCPATH\index.php(59): CodeIgniter\Boot::bootWeb(Object(Config\Paths))
 7 SYSTEMPATH\rewrite.php(44): require_once('C:\\xampp\\htdocs\\layanan_masyarakat\\public\\index.php')
CRITICAL - 2026-05-19 05:01:04 --> ErrorException: Undefined variable $query
[Method: GET, Route: laporan]
in APPPATH\Controllers\PengaduanController.php on line 17.
 1 APPPATH\Controllers\PengaduanController.php(17): CodeIgniter\Debug\Exceptions->errorHandler(2, 'Undefined variable $query', 'C:\\xampp\\htdocs\\layanan_masyarakat\\app\\Controllers\\PengaduanController.php', 17)
 2 SYSTEMPATH\CodeIgniter.php(951): App\Controllers\PengaduanController->report()
 3 SYSTEMPATH\CodeIgniter.php(497): CodeIgniter\CodeIgniter->runController(Object(App\Controllers\PengaduanController))
 4 SYSTEMPATH\CodeIgniter.php(340): CodeIgniter\CodeIgniter->handleRequest(null, Object(Config\Cache), false)
 5 SYSTEMPATH\Boot.php(417): CodeIgniter\CodeIgniter->run()
 6 SYSTEMPATH\Boot.php(68): CodeIgniter\Boot::runCodeIgniter(Object(CodeIgniter\CodeIgniter))
 7 FCPATH\index.php(59): CodeIgniter\Boot::bootWeb(Object(Config\Paths))
 8 SYSTEMPATH\rewrite.php(44): require_once('C:\\xampp\\htdocs\\layanan_masyarakat\\public\\index.php')
WARNING - 2026-05-19 05:01:05 --> [DEPRECATED] Creation of dynamic property App\Controllers\PengaduanController::$db is deprecated in APPPATH\Controllers\PengaduanController.php on line 14.
 1 SYSTEMPATH\CodeIgniter.php(951): App\Controllers\PengaduanController->report()
 2 SYSTEMPATH\CodeIgniter.php(497): CodeIgniter\CodeIgniter->runController(Object(App\Controllers\PengaduanController))
 3 SYSTEMPATH\CodeIgniter.php(340): CodeIgniter\CodeIgniter->handleRequest(null, Object(Config\Cache), false)
 4 SYSTEMPATH\Boot.php(417): CodeIgniter\CodeIgniter->run()
 5 SYSTEMPATH\Boot.php(68): CodeIgniter\Boot::runCodeIgniter(Object(CodeIgniter\CodeIgniter))
 6 FCPATH\index.php(59): CodeIgniter\Boot::bootWeb(Object(Config\Paths))
 7 SYSTEMPATH\rewrite.php(44): require_once('C:\\xampp\\htdocs\\layanan_masyarakat\\public\\index.php')
CRITICAL - 2026-05-19 05:01:05 --> ErrorException: Undefined variable $query
[Method: GET, Route: laporan]
in APPPATH\Controllers\PengaduanController.php on line 17.
 1 APPPATH\Controllers\PengaduanController.php(17): CodeIgniter\Debug\Exceptions->errorHandler(2, 'Undefined variable $query', 'C:\\xampp\\htdocs\\layanan_masyarakat\\app\\Controllers\\PengaduanController.php', 17)
 2 SYSTEMPATH\CodeIgniter.php(951): App\Controllers\PengaduanController->report()
 3 SYSTEMPATH\CodeIgniter.php(497): CodeIgniter\CodeIgniter->runController(Object(App\Controllers\PengaduanController))
 4 SYSTEMPATH\CodeIgniter.php(340): CodeIgniter\CodeIgniter->handleRequest(null, Object(Config\Cache), false)
 5 SYSTEMPATH\Boot.php(417): CodeIgniter\CodeIgniter->run()
 6 SYSTEMPATH\Boot.php(68): CodeIgniter\Boot::runCodeIgniter(Object(CodeIgniter\CodeIgniter))
 7 FCPATH\index.php(59): CodeIgniter\Boot::bootWeb(Object(Config\Paths))
 8 SYSTEMPATH\rewrite.php(44): require_once('C:\\xampp\\htdocs\\layanan_masyarakat\\public\\index.php')
WARNING - 2026-05-19 05:01:46 --> [DEPRECATED] Creation of dynamic property App\Controllers\PengaduanController::$db is deprecated in APPPATH\Controllers\PengaduanController.php on line 14.
 1 SYSTEMPATH\CodeIgniter.php(951): App\Controllers\PengaduanController->report()
 2 SYSTEMPATH\CodeIgniter.php(497): CodeIgniter\CodeIgniter->runController(Object(App\Controllers\PengaduanController))
 3 SYSTEMPATH\CodeIgniter.php(340): CodeIgniter\CodeIgniter->handleRequest(null, Object(Config\Cache), false)
 4 SYSTEMPATH\Boot.php(417): CodeIgniter\CodeIgniter->run()
 5 SYSTEMPATH\Boot.php(68): CodeIgniter\Boot::runCodeIgniter(Object(CodeIgniter\CodeIgniter))
 6 FCPATH\index.php(59): CodeIgniter\Boot::bootWeb(Object(Config\Paths))
 7 SYSTEMPATH\rewrite.php(44): require_once('C:\\xampp\\htdocs\\layanan_masyarakat\\public\\index.php')
CRITICAL - 2026-05-19 05:01:46 --> ErrorException: Undefined variable $builder
[Method: GET, Route: laporan]
in APPPATH\Controllers\PengaduanController.php on line 15.
 1 APPPATH\Controllers\PengaduanController.php(15): CodeIgniter\Debug\Exceptions->errorHandler(2, 'Undefined variable $builder', 'C:\\xampp\\htdocs\\layanan_masyarakat\\app\\Controllers\\PengaduanController.php', 15)
 2 SYSTEMPATH\CodeIgniter.php(951): App\Controllers\PengaduanController->report()
 3 SYSTEMPATH\CodeIgniter.php(497): CodeIgniter\CodeIgniter->runController(Object(App\Controllers\PengaduanController))
 4 SYSTEMPATH\CodeIgniter.php(340): CodeIgniter\CodeIgniter->handleRequest(null, Object(Config\Cache), false)
 5 SYSTEMPATH\Boot.php(417): CodeIgniter\CodeIgniter->run()
 6 SYSTEMPATH\Boot.php(68): CodeIgniter\Boot::runCodeIgniter(Object(CodeIgniter\CodeIgniter))
 7 FCPATH\index.php(59): CodeIgniter\Boot::bootWeb(Object(Config\Paths))
 8 SYSTEMPATH\rewrite.php(44): require_once('C:\\xampp\\htdocs\\layanan_masyarakat\\public\\index.php')
WARNING - 2026-05-19 05:01:46 --> [DEPRECATED] Creation of dynamic property App\Controllers\PengaduanController::$db is deprecated in APPPATH\Controllers\PengaduanController.php on line 14.
 1 SYSTEMPATH\CodeIgniter.php(951): App\Controllers\PengaduanController->report()
 2 SYSTEMPATH\CodeIgniter.php(497): CodeIgniter\CodeIgniter->runController(Object(App\Controllers\PengaduanController))
 3 SYSTEMPATH\CodeIgniter.php(340): CodeIgniter\CodeIgniter->handleRequest(null, Object(Config\Cache), false)
 4 SYSTEMPATH\Boot.php(417): CodeIgniter\CodeIgniter->run()
 5 SYSTEMPATH\Boot.php(68): CodeIgniter\Boot::runCodeIgniter(Object(CodeIgniter\CodeIgniter))
 6 FCPATH\index.php(59): CodeIgniter\Boot::bootWeb(Object(Config\Paths))
 7 SYSTEMPATH\rewrite.php(44): require_once('C:\\xampp\\htdocs\\layanan_masyarakat\\public\\index.php')
CRITICAL - 2026-05-19 05:01:46 --> ErrorException: Undefined variable $builder
[Method: GET, Route: laporan]
in APPPATH\Controllers\PengaduanController.php on line 15.
 1 APPPATH\Controllers\PengaduanController.php(15): CodeIgniter\Debug\Exceptions->errorHandler(2, 'Undefined variable $builder', 'C:\\xampp\\htdocs\\layanan_masyarakat\\app\\Controllers\\PengaduanController.php', 15)
 2 SYSTEMPATH\CodeIgniter.php(951): App\Controllers\PengaduanController->report()
 3 SYSTEMPATH\CodeIgniter.php(497): CodeIgniter\CodeIgniter->runController(Object(App\Controllers\PengaduanController))
 4 SYSTEMPATH\CodeIgniter.php(340): CodeIgniter\CodeIgniter->handleRequest(null, Object(Config\Cache), false)
 5 SYSTEMPATH\Boot.php(417): CodeIgniter\CodeIgniter->run()
 6 SYSTEMPATH\Boot.php(68): CodeIgniter\Boot::runCodeIgniter(Object(CodeIgniter\CodeIgniter))
 7 FCPATH\index.php(59): CodeIgniter\Boot::bootWeb(Object(Config\Paths))
 8 SYSTEMPATH\rewrite.php(44): require_once('C:\\xampp\\htdocs\\layanan_masyarakat\\public\\index.php')
WARNING - 2026-05-19 05:02:32 --> [DEPRECATED] Creation of dynamic property App\Controllers\PengaduanController::$db is deprecated in APPPATH\Controllers\PengaduanController.php on line 14.
 1 SYSTEMPATH\CodeIgniter.php(951): App\Controllers\PengaduanController->report()
 2 SYSTEMPATH\CodeIgniter.php(497): CodeIgniter\CodeIgniter->runController(Object(App\Controllers\PengaduanController))
 3 SYSTEMPATH\CodeIgniter.php(340): CodeIgniter\CodeIgniter->handleRequest(null, Object(Config\Cache), false)
 4 SYSTEMPATH\Boot.php(417): CodeIgniter\CodeIgniter->run()
 5 SYSTEMPATH\Boot.php(68): CodeIgniter\Boot::runCodeIgniter(Object(CodeIgniter\CodeIgniter))
 6 FCPATH\index.php(59): CodeIgniter\Boot::bootWeb(Object(Config\Paths))
 7 SYSTEMPATH\rewrite.php(44): require_once('C:\\xampp\\htdocs\\layanan_masyarakat\\public\\index.php')
WARNING - 2026-05-19 05:02:34 --> [DEPRECATED] Creation of dynamic property App\Controllers\PengaduanController::$db is deprecated in APPPATH\Controllers\PengaduanController.php on line 14.
 1 SYSTEMPATH\CodeIgniter.php(951): App\Controllers\PengaduanController->report()
 2 SYSTEMPATH\CodeIgniter.php(497): CodeIgniter\CodeIgniter->runController(Object(App\Controllers\PengaduanController))
 3 SYSTEMPATH\CodeIgniter.php(340): CodeIgniter\CodeIgniter->handleRequest(null, Object(Config\Cache), false)
 4 SYSTEMPATH\Boot.php(417): CodeIgniter\CodeIgniter->run()
 5 SYSTEMPATH\Boot.php(68): CodeIgniter\Boot::runCodeIgniter(Object(CodeIgniter\CodeIgniter))
 6 FCPATH\index.php(59): CodeIgniter\Boot::bootWeb(Object(Config\Paths))
 7 SYSTEMPATH\rewrite.php(44): require_once('C:\\xampp\\htdocs\\layanan_masyarakat\\public\\index.php')
WARNING - 2026-05-19 05:11:29 --> [DEPRECATED] Creation of dynamic property App\Controllers\PengaduanController::$db is deprecated in APPPATH\Controllers\PengaduanController.php on line 14.
 1 SYSTEMPATH\CodeIgniter.php(951): App\Controllers\PengaduanController->report()
 2 SYSTEMPATH\CodeIgniter.php(497): CodeIgniter\CodeIgniter->runController(Object(App\Controllers\PengaduanController))
 3 SYSTEMPATH\CodeIgniter.php(340): CodeIgniter\CodeIgniter->handleRequest(null, Object(Config\Cache), false)
 4 SYSTEMPATH\Boot.php(417): CodeIgniter\CodeIgniter->run()
 5 SYSTEMPATH\Boot.php(68): CodeIgniter\Boot::runCodeIgniter(Object(CodeIgniter\CodeIgniter))
 6 FCPATH\index.php(59): CodeIgniter\Boot::bootWeb(Object(Config\Paths))
 7 SYSTEMPATH\rewrite.php(44): require_once('C:\\xampp\\htdocs\\layanan_masyarakat\\public\\index.php')
CRITICAL - 2026-05-19 05:11:29 --> Error: Cannot use object of type stdClass as array
[Method: GET, Route: laporan]
in APPPATH\Views\halaman_utama.php on line 36.
 1 SYSTEMPATH\View\View.php(240): include()
 2 SYSTEMPATH\View\View.php(243): CodeIgniter\View\View->CodeIgniter\View\{closure}()
 3 SYSTEMPATH\Common.php(1250): CodeIgniter\View\View->render('halaman_utama', [], true)
 4 APPPATH\Controllers\PengaduanController.php(19): view('halaman_utama', [...])
 5 SYSTEMPATH\CodeIgniter.php(951): App\Controllers\PengaduanController->report()
 6 SYSTEMPATH\CodeIgniter.php(497): CodeIgniter\CodeIgniter->runController(Object(App\Controllers\PengaduanController))
 7 SYSTEMPATH\CodeIgniter.php(340): CodeIgniter\CodeIgniter->handleRequest(null, Object(Config\Cache), false)
 8 SYSTEMPATH\Boot.php(417): CodeIgniter\CodeIgniter->run()
 9 SYSTEMPATH\Boot.php(68): CodeIgniter\Boot::runCodeIgniter(Object(CodeIgniter\CodeIgniter))
10 FCPATH\index.php(59): CodeIgniter\Boot::bootWeb(Object(Config\Paths))
11 SYSTEMPATH\rewrite.php(44): require_once('C:\\xampp\\htdocs\\layanan_masyarakat\\public\\index.php')
WARNING - 2026-05-19 05:11:56 --> [DEPRECATED] Creation of dynamic property App\Controllers\PengaduanController::$db is deprecated in APPPATH\Controllers\PengaduanController.php on line 14.
 1 SYSTEMPATH\CodeIgniter.php(951): App\Controllers\PengaduanController->report()
 2 SYSTEMPATH\CodeIgniter.php(497): CodeIgniter\CodeIgniter->runController(Object(App\Controllers\PengaduanController))
 3 SYSTEMPATH\CodeIgniter.php(340): CodeIgniter\CodeIgniter->handleRequest(null, Object(Config\Cache), false)
 4 SYSTEMPATH\Boot.php(417): CodeIgniter\CodeIgniter->run()
 5 SYSTEMPATH\Boot.php(68): CodeIgniter\Boot::runCodeIgniter(Object(CodeIgniter\CodeIgniter))
 6 FCPATH\index.php(59): CodeIgniter\Boot::bootWeb(Object(Config\Paths))
 7 SYSTEMPATH\rewrite.php(44): require_once('C:\\xampp\\htdocs\\layanan_masyarakat\\public\\index.php')
WARNING - 2026-05-19 05:11:58 --> [DEPRECATED] Creation of dynamic property App\Controllers\PengaduanController::$db is deprecated in APPPATH\Controllers\PengaduanController.php on line 14.
 1 SYSTEMPATH\CodeIgniter.php(951): App\Controllers\PengaduanController->report()
 2 SYSTEMPATH\CodeIgniter.php(497): CodeIgniter\CodeIgniter->runController(Object(App\Controllers\PengaduanController))
 3 SYSTEMPATH\CodeIgniter.php(340): CodeIgniter\CodeIgniter->handleRequest(null, Object(Config\Cache), false)
 4 SYSTEMPATH\Boot.php(417): CodeIgniter\CodeIgniter->run()
 5 SYSTEMPATH\Boot.php(68): CodeIgniter\Boot::runCodeIgniter(Object(CodeIgniter\CodeIgniter))
 6 FCPATH\index.php(59): CodeIgniter\Boot::bootWeb(Object(Config\Paths))
 7 SYSTEMPATH\rewrite.php(44): require_once('C:\\xampp\\htdocs\\layanan_masyarakat\\public\\index.php')
WARNING - 2026-05-19 05:12:11 --> [DEPRECATED] Creation of dynamic property App\Controllers\PengaduanController::$db is deprecated in APPPATH\Controllers\PengaduanController.php on line 14.
 1 SYSTEMPATH\CodeIgniter.php(951): App\Controllers\PengaduanController->report()
 2 SYSTEMPATH\CodeIgniter.php(497): CodeIgniter\CodeIgniter->runController(Object(App\Controllers\PengaduanController))
 3 SYSTEMPATH\CodeIgniter.php(340): CodeIgniter\CodeIgniter->handleRequest(null, Object(Config\Cache), false)
 4 SYSTEMPATH\Boot.php(417): CodeIgniter\CodeIgniter->run()
 5 SYSTEMPATH\Boot.php(68): CodeIgniter\Boot::runCodeIgniter(Object(CodeIgniter\CodeIgniter))
 6 FCPATH\index.php(59): CodeIgniter\Boot::bootWeb(Object(Config\Paths))
 7 SYSTEMPATH\rewrite.php(44): require_once('C:\\xampp\\htdocs\\layanan_masyarakat\\public\\index.php')
WARNING - 2026-05-19 05:12:12 --> [DEPRECATED] Creation of dynamic property App\Controllers\PengaduanController::$db is deprecated in APPPATH\Controllers\PengaduanController.php on line 14.
 1 SYSTEMPATH\CodeIgniter.php(951): App\Controllers\PengaduanController->report()
 2 SYSTEMPATH\CodeIgniter.php(497): CodeIgniter\CodeIgniter->runController(Object(App\Controllers\PengaduanController))
 3 SYSTEMPATH\CodeIgniter.php(340): CodeIgniter\CodeIgniter->handleRequest(null, Object(Config\Cache), false)
 4 SYSTEMPATH\Boot.php(417): CodeIgniter\CodeIgniter->run()
 5 SYSTEMPATH\Boot.php(68): CodeIgniter\Boot::runCodeIgniter(Object(CodeIgniter\CodeIgniter))
 6 FCPATH\index.php(59): CodeIgniter\Boot::bootWeb(Object(Config\Paths))
 7 SYSTEMPATH\rewrite.php(44): require_once('C:\\xampp\\htdocs\\layanan_masyarakat\\public\\index.php')
WARNING - 2026-05-19 05:12:24 --> [DEPRECATED] Creation of dynamic property App\Controllers\PengaduanController::$db is deprecated in APPPATH\Controllers\PengaduanController.php on line 14.
 1 SYSTEMPATH\CodeIgniter.php(951): App\Controllers\PengaduanController->report()
 2 SYSTEMPATH\CodeIgniter.php(497): CodeIgniter\CodeIgniter->runController(Object(App\Controllers\PengaduanController))
 3 SYSTEMPATH\CodeIgniter.php(340): CodeIgniter\CodeIgniter->handleRequest(null, Object(Config\Cache), false)
 4 SYSTEMPATH\Boot.php(417): CodeIgniter\CodeIgniter->run()
 5 SYSTEMPATH\Boot.php(68): CodeIgniter\Boot::runCodeIgniter(Object(CodeIgniter\CodeIgniter))
 6 FCPATH\index.php(59): CodeIgniter\Boot::bootWeb(Object(Config\Paths))
 7 SYSTEMPATH\rewrite.php(44): require_once('C:\\xampp\\htdocs\\layanan_masyarakat\\public\\index.php')
WARNING - 2026-05-19 05:12:36 --> [DEPRECATED] Creation of dynamic property App\Controllers\PengaduanController::$db is deprecated in APPPATH\Controllers\PengaduanController.php on line 14.
 1 SYSTEMPATH\CodeIgniter.php(951): App\Controllers\PengaduanController->report()
 2 SYSTEMPATH\CodeIgniter.php(497): CodeIgniter\CodeIgniter->runController(Object(App\Controllers\PengaduanController))
 3 SYSTEMPATH\CodeIgniter.php(340): CodeIgniter\CodeIgniter->handleRequest(null, Object(Config\Cache), false)
 4 SYSTEMPATH\Boot.php(417): CodeIgniter\CodeIgniter->run()
 5 SYSTEMPATH\Boot.php(68): CodeIgniter\Boot::runCodeIgniter(Object(CodeIgniter\CodeIgniter))
 6 FCPATH\index.php(59): CodeIgniter\Boot::bootWeb(Object(Config\Paths))
 7 SYSTEMPATH\rewrite.php(44): require_once('C:\\xampp\\htdocs\\layanan_masyarakat\\public\\index.php')
WARNING - 2026-05-19 05:12:38 --> [DEPRECATED] Creation of dynamic property App\Controllers\PengaduanController::$db is deprecated in APPPATH\Controllers\PengaduanController.php on line 14.
 1 SYSTEMPATH\CodeIgniter.php(951): App\Controllers\PengaduanController->report()
 2 SYSTEMPATH\CodeIgniter.php(497): CodeIgniter\CodeIgniter->runController(Object(App\Controllers\PengaduanController))
 3 SYSTEMPATH\CodeIgniter.php(340): CodeIgniter\CodeIgniter->handleRequest(null, Object(Config\Cache), false)
 4 SYSTEMPATH\Boot.php(417): CodeIgniter\CodeIgniter->run()
 5 SYSTEMPATH\Boot.php(68): CodeIgniter\Boot::runCodeIgniter(Object(CodeIgniter\CodeIgniter))
 6 FCPATH\index.php(59): CodeIgniter\Boot::bootWeb(Object(Config\Paths))
 7 SYSTEMPATH\rewrite.php(44): require_once('C:\\xampp\\htdocs\\layanan_masyarakat\\public\\index.php')
